Archive member included to satisfy reference by file (symbol)

../third_party/psyq/lib\libapi.a(i_heap3.o)
                              main.o (InitHeap3)
../third_party/psyq/lib\libapi.a(malloc3.o)
                              utils.o (malloc3)
../third_party/psyq/lib\libc.a(c43.o)
                              main.o (memset)
../third_party/psyq/lib\libc.a(c52.o)
                              main.o (free)
../third_party/psyq/lib\libc.a(c63.o)
                              main.o (printf)
../third_party/psyq/lib\libetc.a(pad.o)
                              joypad.o (PadRead)
../third_party/psyq/lib\libetc.a(vsync.o)
                              display.o (VSync)
../third_party/psyq/lib\libetc.a(intr.o)
                              ../third_party/psyq/lib\libetc.a(pad.o) (ResetCallback)
../third_party/psyq/lib\libetc.a(intr_dma.o)
                              ../third_party/psyq/lib\libetc.a(intr.o) (startIntrDMA)
../third_party/psyq/lib\libetc.a(intr_vb.o)
                              ../third_party/psyq/lib\libetc.a(vsync.o) (Vcount)
../third_party/psyq/lib\libgpu.a(e03.o)
                              display.o (SetDefDrawEnv)
../third_party/psyq/lib\libgpu.a(e04.o)
                              display.o (SetDefDispEnv)
../third_party/psyq/lib\libgpu.a(sys.o)
                              display.o (ResetGraph)
../third_party/psyq/lib\libgte.a(cmb_06.o)
                              main.o (RotAverageNclip3)
../third_party/psyq/lib\libgte.a(fgo_01.o)
                              main.o (RotMatrix)
../third_party/psyq/lib\libgte.a(msc00.o)
                              display.o (InitGeom)
../third_party/psyq/lib\libgte.a(msc02.o)
                              camera.o (VectorNormal)
../third_party/psyq/lib\libgte.a(mtx_004.o)
                              camera.o (ApplyMatrixLV)
../third_party/psyq/lib\libgte.a(mtx_00c.o)
                              main.o (CompMatrixLV)
../third_party/psyq/lib\libgte.a(mtx_07.o)
                              main.o (TransMatrix)
../third_party/psyq/lib\libgte.a(mtx_08.o)
                              main.o (ScaleMatrix)
../third_party/psyq/lib\libgte.a(mtx_09.o)
                              main.o (SetRotMatrix)
../third_party/psyq/lib\libgte.a(mtx_12.o)
                              main.o (SetTransMatrix)
../third_party/psyq/lib\libgte.a(patchgte.o)
                              ../third_party/psyq/lib\libgte.a(msc00.o) (_patch_gte)
../third_party/psyq/lib\libgte.a(reg12.o)
                              display.o (SetGeomOffset)
../third_party/psyq/lib\libgte.a(reg13.o)
                              display.o (SetGeomScreen)
../third_party/psyq/lib\libgte.a(smp_00_9.o)
                              camera.o (OuterProduct12)
../third_party/psyq/lib\libgte.a(cstbl.o)
                              ../third_party/psyq/lib\libgte.a(fgo_01.o) (rcossin_tbl)
../third_party/psyq/lib\libcd.a(cdr_1.o)
                              utils.o (CdReadSync)
../third_party/psyq/lib\libcd.a(cre_1.o)
                              utils.o (CdReadFile)
../third_party/psyq/lib\libcd.a(event.o)
                              main.o (CdInit)
../third_party/psyq/lib\libcd.a(iso9660.o)
                              utils.o (CdSearchFile)
../third_party/psyq/lib\libcd.a(s_002.o)
                              ../third_party/psyq/lib\libcd.a(cre_1.o) (CdIntToPos)
../third_party/psyq/lib\libcd.a(s_003.o)
                              ../third_party/psyq/lib\libcd.a(cdr_1.o) (CdStatus)
../third_party/psyq/lib\libcd.a(s_004.o)
                              ../third_party/psyq/lib\libcd.a(cdr_1.o) (CdMode)
../third_party/psyq/lib\libcd.a(s_006.o)
                              ../third_party/psyq/lib\libcd.a(cdr_1.o) (CdLastPos)
../third_party/psyq/lib\libcd.a(s_008.o)
                              ../third_party/psyq/lib\libcd.a(cdr_1.o) (CdFlush)
../third_party/psyq/lib\libcd.a(s_013.o)
                              ../third_party/psyq/lib\libcd.a(cdr_1.o) (CdReady)
../third_party/psyq/lib\libcd.a(s_014.o)
                              ../third_party/psyq/lib\libcd.a(cdr_1.o) (CdSyncCallback)
../third_party/psyq/lib\libcd.a(s_015.o)
                              ../third_party/psyq/lib\libcd.a(cdr_1.o) (CdReadyCallback)
../third_party/psyq/lib\libcd.a(s_016.o)
                              utils.o (CdControl)
../third_party/psyq/lib\libcd.a(s_021.o)
                              ../third_party/psyq/lib\libcd.a(cdr_1.o) (CdGetSector)
../third_party/psyq/lib\libcd.a(s_022.o)
                              ../third_party/psyq/lib\libcd.a(cdr_1.o) (CdGetSector2)
../third_party/psyq/lib\libcd.a(s_023.o)
                              ../third_party/psyq/lib\libcd.a(cdr_1.o) (CdDataCallback)
../third_party/psyq/lib\libcd.a(s_024.o)
                              ../third_party/psyq/lib\libcd.a(cdr_1.o) (CdDataSync)
../third_party/psyq/lib\libcd.a(sys.o)
                              ../third_party/psyq/lib\libcd.a(cdr_1.o) (CdPosToInt)
../third_party/psyq/lib\libcd.a(bios_1.o)
                              ../third_party/psyq/lib\libcd.a(event.o) (CD_cbready)
../third_party/psyq/lib\libcd.a(bios_2.o)
                              ../third_party/psyq/lib\libcd.a(s_021.o) (CD_getsector)
../third_party/psyq/lib\libcd.a(bios_3.o)
                              ../third_party/psyq/lib\libcd.a(s_022.o) (CD_getsector2)
../third_party/psyq/lib\libapi.a(a07.o)
                              ../third_party/psyq/lib\libcd.a(event.o) (DeliverEvent)
../third_party/psyq/lib\libapi.a(a22.o)
                              ../third_party/psyq/lib\libetc.a(pad.o) (PAD_dr)
../third_party/psyq/lib\libapi.a(a23.o)
                              ../third_party/psyq/lib\libetc.a(intr.o) (ReturnFromException)
../third_party/psyq/lib\libapi.a(a24.o)
                              ../third_party/psyq/lib\libetc.a(intr.o) (ResetEntryInt)
../third_party/psyq/lib\libapi.a(a25.o)
                              ../third_party/psyq/lib\libetc.a(intr.o) (HookEntryInt)
../third_party/psyq/lib\libapi.a(a36.o)
                              ../third_party/psyq/lib\libetc.a(intr.o) (EnterCriticalSection)
../third_party/psyq/lib\libapi.a(a37.o)
                              ../third_party/psyq/lib\libetc.a(intr.o) (ExitCriticalSection)
../third_party/psyq/lib\libapi.a(a91.o)
                              ../third_party/psyq/lib\libetc.a(pad.o) (ChangeClearPAD)
../third_party/psyq/lib\libapi.a(c114.o)
                              ../third_party/psyq/lib\libetc.a(intr.o) (_96_remove)
../third_party/psyq/lib\libapi.a(c68.o)
                              ../third_party/psyq/lib\libgte.a(patchgte.o) (FlushCache)
../third_party/psyq/lib\libapi.a(c73.o)
                              ../third_party/psyq/lib\libgpu.a(sys.o) (GPU_cw)
../third_party/psyq/lib\libapi.a(l10.o)
                              ../third_party/psyq/lib\libetc.a(vsync.o) (ChangeClearRCnt)
../third_party/psyq/lib\libapi.a(pad.o)
                              ../third_party/psyq/lib\libetc.a(pad.o) (PAD_init)
../third_party/psyq/lib\libapi.a(patch.o)
                              ../third_party/psyq/lib\libapi.a(pad.o) (_patch_pad)
../third_party/psyq/lib\libapi.a(a18.o)
                              ../third_party/psyq/lib\libapi.a(pad.o) (InitPAD2)
../third_party/psyq/lib\libapi.a(a19.o)
                              ../third_party/psyq/lib\libapi.a(pad.o) (StartPAD2)
../third_party/psyq/lib\libapi.a(a21.o)
                              ../third_party/psyq/lib\libapi.a(pad.o) (PAD_init2)
../third_party/psyq/lib\libapi.a(chclrpad.o)
                              ../third_party/psyq/lib\libapi.a(pad.o) (_remove_ChgclrPAD)
../third_party/psyq/lib\libapi.a(l02.o)
                              ../third_party/psyq/lib\libapi.a(pad.o) (SysEnqIntRP)
../third_party/psyq/lib\libapi.a(l03.o)
                              ../third_party/psyq/lib\libapi.a(pad.o) (SysDeqIntRP)
../third_party/psyq/lib\libc.a(a63.o)
                              ../third_party/psyq/lib\libetc.a(vsync.o) (puts)
../third_party/psyq/lib\libc.a(c19.o)
                              ../third_party/psyq/lib\libetc.a(intr.o) (setjmp)
../third_party/psyq/lib\libc.a(c21.o)
                              ../third_party/psyq/lib\libcd.a(cre_1.o) (strcat)
../third_party/psyq/lib\libc.a(c23.o)
                              ../third_party/psyq/lib\libcd.a(iso9660.o) (strcmp)
../third_party/psyq/lib\libc.a(c24.o)
                              ../third_party/psyq/lib\libcd.a(iso9660.o) (strncmp)
../third_party/psyq/lib\libc.a(c25.o)
                              ../third_party/psyq/lib\libcd.a(cre_1.o) (strcpy)
../third_party/psyq/lib\libc.a(c42.o)
                              ../third_party/psyq/lib\libgpu.a(sys.o) (memcpy)
../third_party/psyq/lib\libetc.a(vmode.o)
                              ../third_party/psyq/lib\libgpu.a(e03.o) (GetVideoMode)

Discarded input sections

 .text          0x0000000000000000        0x0 main.o
 .MIPS.abiflags
                0x0000000000000000       0x18 main.o
 .pdr           0x0000000000000000       0x80 main.o
 .text.Render   0x0000000000000000        0x8 main.o
 .text          0x0000000000000000        0x0 joypad.o
 .data          0x0000000000000000        0x0 joypad.o
 .bss           0x0000000000000000        0x0 joypad.o
 .reginfo       0x0000000000000000       0x18 joypad.o
 .MIPS.abiflags
                0x0000000000000000       0x18 joypad.o
 .pdr           0x0000000000000000       0x80 joypad.o
 .text.JoyPadReset
                0x0000000000000000        0xc joypad.o
 .text          0x0000000000000000        0x0 global.o
 .data          0x0000000000000000        0x0 global.o
 .reginfo       0x0000000000000000       0x18 global.o
 .MIPS.abiflags
                0x0000000000000000       0x18 global.o
 .pdr           0x0000000000000000       0xe0 global.o
 .text.SetOTAt  0x0000000000000000       0x20 global.o
 .text.SetNextPrim
                0x0000000000000000        0xc global.o
 .text          0x0000000000000000        0x0 display.o
 .data          0x0000000000000000        0x0 display.o
 .reginfo       0x0000000000000000       0x18 display.o
 .MIPS.abiflags
                0x0000000000000000       0x18 display.o
 .pdr           0x0000000000000000       0x60 display.o
 .text          0x0000000000000000        0x0 camera.o
 .data          0x0000000000000000        0x0 camera.o
 .bss           0x0000000000000000        0x0 camera.o
 .reginfo       0x0000000000000000       0x18 camera.o
 .MIPS.abiflags
                0x0000000000000000       0x18 camera.o
 .pdr           0x0000000000000000       0x20 camera.o
 .text          0x0000000000000000        0x0 utils.o
 .data          0x0000000000000000        0x0 utils.o
 .bss           0x0000000000000000        0x0 utils.o
 .reginfo       0x0000000000000000       0x18 utils.o
 .MIPS.abiflags
                0x0000000000000000       0x18 utils.o
 .pdr           0x0000000000000000       0x20 utils.o
 .text          0x0000000000000000        0x0 ../third_party/common/syscalls/printf.o
 .data          0x0000000000000000        0x0 ../third_party/common/syscalls/printf.o
 .bss           0x0000000000000000        0x0 ../third_party/common/syscalls/printf.o
 .reginfo       0x0000000000000000       0x18 ../third_party/common/syscalls/printf.o
 .MIPS.abiflags
                0x0000000000000000       0x18 ../third_party/common/syscalls/printf.o
 .pdr           0x0000000000000000        0x0 ../third_party/common/syscalls/printf.o
 .ramtext       0x0000000000000000        0xc ../third_party/common/syscalls/printf.o
 .debug_line    0x0000000000000000       0x4b ../third_party/common/syscalls/printf.o
 .debug_line_str
                0x0000000000000000       0x4f ../third_party/common/syscalls/printf.o
 .debug_info    0x0000000000000000       0x24 ../third_party/common/syscalls/printf.o
 .debug_abbrev  0x0000000000000000       0x14 ../third_party/common/syscalls/printf.o
 .debug_aranges
                0x0000000000000000       0x20 ../third_party/common/syscalls/printf.o
 .debug_str     0x0000000000000000       0x52 ../third_party/common/syscalls/printf.o
 .gnu.attributes
                0x0000000000000000       0x10 ../third_party/common/syscalls/printf.o
 .text          0x0000000000000000        0x0 ../third_party/common/crt0/crt0.o
 .data          0x0000000000000000        0x0 ../third_party/common/crt0/crt0.o
 .bss           0x0000000000000000        0x0 ../third_party/common/crt0/crt0.o
 .reginfo       0x0000000000000000       0x18 ../third_party/common/crt0/crt0.o
 .MIPS.abiflags
                0x0000000000000000       0x18 ../third_party/common/crt0/crt0.o

Memory Configuration

Name             Origin             Length             Attributes
loader           0x000000008000f800 0x0000000000000800
ram              0x0000000080010000 0x00000000001f0000 xrw
dcache           0x000000001f800000 0x0000000000000400
*default*        0x0000000000000000 0xffffffffffffffff

Linker script and memory map

LOAD main.o
LOAD joypad.o
LOAD global.o
LOAD display.o
LOAD camera.o
LOAD utils.o
LOAD ../third_party/common/syscalls/printf.o
LOAD ../third_party/common/crt0/crt0.o
START GROUP
LOAD ../third_party/psyq/lib\libapi.a
LOAD ../third_party/psyq/lib\libc.a
LOAD ../third_party/psyq/lib\libc2.a
LOAD ../third_party/psyq/lib\libcard.a
LOAD ../third_party/psyq/lib\libcomb.a
LOAD ../third_party/psyq/lib\libds.a
LOAD ../third_party/psyq/lib\libetc.a
LOAD ../third_party/psyq/lib\libgpu.a
LOAD ../third_party/psyq/lib\libgs.a
LOAD ../third_party/psyq/lib\libgte.a
LOAD ../third_party/psyq/lib\libgpu.a
LOAD ../third_party/psyq/lib\libgun.a
LOAD ../third_party/psyq/lib\libhmd.a
LOAD ../third_party/psyq/lib\libmath.a
LOAD ../third_party/psyq/lib\libmcrd.a
LOAD ../third_party/psyq/lib\libmcx.a
LOAD ../third_party/psyq/lib\libpad.a
LOAD ../third_party/psyq/lib\libpress.a
LOAD ../third_party/psyq/lib\libsio.a
LOAD ../third_party/psyq/lib\libsnd.a
LOAD ../third_party/psyq/lib\libspu.a
LOAD ../third_party/psyq/lib\libtap.a
LOAD ../third_party/psyq/lib\libcd.a
END GROUP
                0x0000000080072e78                __heap_base = __bss_end
                0x0000000080010000                TLOAD_ADDR = DEFINED (TLOAD_ADDR)?TLOAD_ADDR:0x80010000
                0x0000000080200000                __ram_top = (ORIGIN (ram) + LENGTH (ram))
                0x00000000801fff00                __sp = (__ram_top - 0x100)
                0x000000001f800000                __dcache = ORIGIN (dcache)
                0x000000001f800400                __dcache_top = (ORIGIN (dcache) + LENGTH (dcache))
                0x0000000000053e78                __bss_len = (__bss_end - __bss_start)
                0x0000000000008d90                __ftext_len = (__ftext_end - __ftext_start)
                0x0000000000006270                __fdata_len = (__fdata_end - __fdata_start)
                0x0000000080200000                __stack_start = (ORIGIN (ram) + LENGTH (ram))

.PSX_EXE_Header
                0x000000008000f800      0x800
                0x000000008000f800        0x1 BYTE 0x50
                0x000000008000f801        0x1 BYTE 0x53
                0x000000008000f802        0x1 BYTE 0x2d
                0x000000008000f803        0x1 BYTE 0x58
                0x000000008000f804        0x1 BYTE 0x20
                0x000000008000f805        0x1 BYTE 0x45
                0x000000008000f806        0x1 BYTE 0x58
                0x000000008000f807        0x1 BYTE 0x45
                0x000000008000f808        0x4 LONG 0x0
                0x000000008000f80c        0x4 LONG 0x0
                0x000000008000f810        0x4 LONG 0x80010000 ABSOLUTE (_start)
                0x000000008000f814        0x4 LONG 0x0
                0x000000008000f818        0x4 LONG 0x80010000 TLOAD_ADDR
                0x000000008000f81c        0x4 LONG 0xf000 (__ftext_len + __fdata_len)
                0x000000008000f820        0x4 LONG 0x0
                0x000000008000f824        0x4 LONG 0x0
                0x000000008000f828        0x4 LONG 0x0
                0x000000008000f82c        0x4 LONG 0x0
                0x000000008000f830        0x4 LONG 0x801fff00 DEFINED (_sp)?ABSOLUTE (_sp):0x801fff00
                0x000000008000f834        0x4 LONG 0x0
                0x0000000080010000                . = (. + 0x7c8)
 *fill*         0x000000008000f838      0x7c8 
                0x0000000080010000                __ftext_start = ABSOLUTE (.)

.text           0x0000000080010000     0x8d90
 *(.start)
 .start         0x0000000080010000       0x64 ../third_party/common/crt0/crt0.o
                0x0000000080010000                _start
 *(.init)
 *(SORT_NONE(.fini))
 *(.text.unlikely .text.*_unlikely .text.unlikely.*)
 *(.text.exit .text.exit.*)
 *(.text.startup .text.startup.*)
 .text.startup.main
                0x0000000080010064       0x28 main.o
                0x0000000080010064                main
 *(.text.hot .text.hot.*)
 *(.text .stub .text.* .gnu.linkonce.t.*)
 .text.Setup    0x000000008001008c       0xc8 main.o
                0x000000008001008c                Setup
 .text.Update   0x0000000080010154      0x2d8 main.o
                0x0000000080010154                Update
 .text.JoyPadInit
                0x000000008001042c        0x8 joypad.o
                0x000000008001042c                JoyPadInit
 .text.JoyPadUpdate
                0x0000000080010434       0x24 joypad.o
                0x0000000080010434                JoyPadUpdate
 .text.JoyPadCheck
                0x0000000080010458       0x10 joypad.o
                0x0000000080010458                JoyPadCheck
 .text.EmptyOT  0x0000000080010468       0x18 global.o
                0x0000000080010468                EmptyOT
 .text.GetOTAt  0x0000000080010480       0x1c global.o
                0x0000000080010480                GetOTAt
 .text.IncreaseNextPrim
                0x000000008001049c       0x18 global.o
                0x000000008001049c                IncreaseNextPrim
 .text.ResetNextPrim
                0x00000000800104b4       0x1c global.o
                0x00000000800104b4                ResetNextPrim
 .text.GetNextPrim
                0x00000000800104d0       0x10 global.o
                0x00000000800104d0                GetNextPrim
 .text.DisplayInit
                0x00000000800104e0      0x104 display.o
                0x00000000800104e0                DisplayInit
 .text.DisplayFrame
                0x00000000800105e4       0x94 display.o
                0x00000000800105e4                DisplayFrame
 .text.GetCurrBuff
                0x0000000080010678       0x10 display.o
                0x0000000080010678                GetCurrBuff
 .text.LookAt   0x0000000080010688      0x14c camera.o
                0x0000000080010688                LookAt
 .text.FileRead
                0x00000000800107d4       0xd0 utils.o
                0x00000000800107d4                FileRead
 *fill*         0x00000000800108a4        0x4 
 .text          0x00000000800108a8       0x60 ../third_party/psyq/lib\libapi.a(i_heap3.o)
                0x00000000800108a8                InitHeap3
 .text          0x0000000080010908       0xb0 ../third_party/psyq/lib\libapi.a(malloc3.o)
                0x0000000080010908                malloc3
 .text          0x00000000800109b8       0x10 ../third_party/psyq/lib\libc.a(c43.o)
                0x00000000800109b8                memset
 .text          0x00000000800109c8       0x10 ../third_party/psyq/lib\libc.a(c52.o)
                0x00000000800109c8                free
 .text          0x00000000800109d8       0x10 ../third_party/psyq/lib\libc.a(c63.o)
                0x00000000800109d8                printf
 .text          0x00000000800109e8       0x80 ../third_party/psyq/lib\libetc.a(pad.o)
                0x00000000800109e8                PadInit
                0x0000000080010a34                PadRead
 .text          0x0000000080010a68      0x210 ../third_party/psyq/lib\libetc.a(vsync.o)
                0x0000000080010a68                VSync
 .text          0x0000000080010c78      0x6c0 ../third_party/psyq/lib\libetc.a(intr.o)
                0x0000000080010c78                ResetCallback
                0x0000000080010ca8                InterruptCallback
                0x0000000080010cd8                DMACallback
                0x0000000080010d08                VSyncCallback
                0x0000000080010d3c                VSyncCallbacks
                0x0000000080010d6c                StopCallback
                0x0000000080010d9c                RestartCallback
                0x0000000080010dcc                CheckCallback
                0x0000000080010ddc                GetIntrMask
                0x0000000080010df4                SetIntrMask
 .text          0x0000000080011338      0x2a0 ../third_party/psyq/lib\libetc.a(intr_dma.o)
                0x0000000080011338                startIntrDMA
 .text          0x00000000800115d8      0x120 ../third_party/psyq/lib\libetc.a(intr_vb.o)
                0x00000000800115d8                startIntrVSync
 .text          0x00000000800116f8       0xc0 ../third_party/psyq/lib\libgpu.a(e03.o)
                0x00000000800116f8                SetDefDrawEnv
 .text          0x00000000800117b8       0x40 ../third_party/psyq/lib\libgpu.a(e04.o)
                0x00000000800117b8                SetDefDispEnv
 .text          0x00000000800117f8     0x2f00 ../third_party/psyq/lib\libgpu.a(sys.o)
                0x00000000800117f8                ResetGraph
                0x000000008001196c                SetGraphDebug
                0x00000000800119c8                SetGraphQueue
                0x0000000080011a6c                GetGraphDebug
                0x0000000080011a7c                DrawSyncCallback
                0x0000000080011adc                SetDispMask
                0x0000000080011b74                DrawSync
                0x0000000080011cf8                ClearImage
                0x0000000080011d88                ClearImage2
                0x0000000080011e20                LoadImage
                0x0000000080011e80                StoreImage
                0x0000000080011ee0                MoveImage
                0x0000000080011f98                ClearOTag
                0x0000000080012060                ClearOTagR
                0x000000008001210c                DrawPrim
                0x0000000080012168                DrawOTag
                0x00000000800121d8                PutDrawEnv
                0x0000000080012298                DrawOTagEnv
                0x0000000080012370                GetDrawEnv
                0x00000000800123a4                PutDispEnv
                0x000000008001289c                GetDispEnv
                0x00000000800128d0                GetODE
                0x0000000080012900                SetDrawArea
                0x0000000080012980                SetDrawOffset
                0x00000000800129c0                SetDrawEnv
                0x0000000080014290                LoadImage2
                0x000000008001437c                StoreImage2
                0x0000000080014468                MoveImage2
                0x00000000800145ac                DrawOTag2
                0x00000000800146a8                _GPU_ResetCallback
 .text          0x00000000800146f8       0x90 ../third_party/psyq/lib\libgte.a(cmb_06.o)
                0x00000000800146f8                RotAverageNclip3
 .text          0x0000000080014788      0x290 ../third_party/psyq/lib\libgte.a(fgo_01.o)
                0x0000000080014788                RotMatrix
 .text          0x0000000080014a18       0x90 ../third_party/psyq/lib\libgte.a(msc00.o)
                0x0000000080014a20                InitGeom
 .text          0x0000000080014aa8      0x2b0 ../third_party/psyq/lib\libgte.a(msc02.o)
                0x0000000080014aa8                InvSquareRoot
                0x0000000080014b34                VectorNormalS
                0x0000000080014b48                VectorNormal
                0x0000000080014b78                VectorNormalSS
                0x0000000080014c68                MatrixNormal
 .text          0x0000000080014d58      0x160 ../third_party/psyq/lib\libgte.a(mtx_004.o)
                0x0000000080014d58                ApplyMatrixLV
 .text          0x0000000080014eb8      0x250 ../third_party/psyq/lib\libgte.a(mtx_00c.o)
                0x0000000080014eb8                CompMatrixLV
 .text          0x0000000080015108       0x30 ../third_party/psyq/lib\libgte.a(mtx_07.o)
                0x0000000080015108                TransMatrix
 .text          0x0000000080015138      0x140 ../third_party/psyq/lib\libgte.a(mtx_08.o)
                0x0000000080015138                ScaleMatrix
 .text          0x0000000080015278       0x30 ../third_party/psyq/lib\libgte.a(mtx_09.o)
                0x0000000080015278                SetRotMatrix
 .text          0x00000000800152a8       0x20 ../third_party/psyq/lib\libgte.a(mtx_12.o)
                0x00000000800152a8                SetTransMatrix
 .text          0x00000000800152c8       0xe0 ../third_party/psyq/lib\libgte.a(patchgte.o)
                0x00000000800152c8                _patch_gte
 .text          0x00000000800153a8       0x20 ../third_party/psyq/lib\libgte.a(reg12.o)
                0x00000000800153a8                SetGeomOffset
 .text          0x00000000800153c8       0x10 ../third_party/psyq/lib\libgte.a(reg13.o)
                0x00000000800153c8                SetGeomScreen
 .text          0x00000000800153d8       0x60 ../third_party/psyq/lib\libgte.a(smp_00_9.o)
                0x00000000800153d8                OuterProduct12
 .text          0x0000000080015438      0x9a0 ../third_party/psyq/lib\libcd.a(cdr_1.o)
                0x0000000080015998                CdReadBreak
                0x0000000080015b38                CdRead
                0x0000000080015cd4                CdReadSync
 .text          0x0000000080015dd8      0x180 ../third_party/psyq/lib\libcd.a(cre_1.o)
                0x0000000080015dd8                CdReadFile
 .text          0x0000000080015f58      0x150 ../third_party/psyq/lib\libcd.a(event.o)
                0x0000000080015f58                CdInit
 .text          0x00000000800160a8      0x970 ../third_party/psyq/lib\libcd.a(iso9660.o)
                0x00000000800160a8                CdSearchFile
 .text          0x0000000080016a18      0x110 ../third_party/psyq/lib\libcd.a(s_002.o)
                0x0000000080016a18                CdIntToPos
 .text          0x0000000080016b28       0x10 ../third_party/psyq/lib\libcd.a(s_003.o)
                0x0000000080016b28                CdStatus
 .text          0x0000000080016b38       0x10 ../third_party/psyq/lib\libcd.a(s_004.o)
                0x0000000080016b38                CdMode
 .text          0x0000000080016b48       0x10 ../third_party/psyq/lib\libcd.a(s_006.o)
                0x0000000080016b48                CdLastPos
 .text          0x0000000080016b58       0x20 ../third_party/psyq/lib\libcd.a(s_008.o)
                0x0000000080016b58                CdFlush
 .text          0x0000000080016b78       0x20 ../third_party/psyq/lib\libcd.a(s_013.o)
                0x0000000080016b78                CdReady
 .text          0x0000000080016b98       0x20 ../third_party/psyq/lib\libcd.a(s_014.o)
                0x0000000080016b98                CdSyncCallback
 .text          0x0000000080016bb8       0x20 ../third_party/psyq/lib\libcd.a(s_015.o)
                0x0000000080016bb8                CdReadyCallback
 .text          0x0000000080016bd8      0x3c0 ../third_party/psyq/lib\libcd.a(s_016.o)
                0x0000000080016bd8                CdControl
                0x0000000080016d14                CdControlF
                0x0000000080016e48                CdControlB
 .text          0x0000000080016f98       0x20 ../third_party/psyq/lib\libcd.a(s_021.o)
                0x0000000080016f98                CdGetSector
 .text          0x0000000080016fb8       0x20 ../third_party/psyq/lib\libcd.a(s_022.o)
                0x0000000080016fb8                CdGetSector2
 .text          0x0000000080016fd8       0x30 ../third_party/psyq/lib\libcd.a(s_023.o)
                0x0000000080016fd8                CdDataCallback
 .text          0x0000000080017008       0x20 ../third_party/psyq/lib\libcd.a(s_024.o)
                0x0000000080017008                CdDataSync
 .text          0x0000000080017028       0x80 ../third_party/psyq/lib\libcd.a(sys.o)
                0x0000000080017028                CdPosToInt
 .text          0x00000000800170a8     0x1580 ../third_party/psyq/lib\libcd.a(bios_1.o)
                0x000000008001760c                CD_sync
                0x000000008001788c                CD_ready
                0x0000000080017b54                CD_cw
                0x0000000080017f60                CD_vol
                0x0000000080017fe8                CD_flush
                0x00000000800180bc                CD_initvol
                0x00000000800181ac                CD_initintr
                0x00000000800181f8                CD_init
                0x00000000800183d8                CD_datasync
                0x0000000080018540                CD_set_test_parmnum
 .text          0x0000000080018628      0x100 ../third_party/psyq/lib\libcd.a(bios_2.o)
                0x0000000080018628                CD_getsector
 .text          0x0000000080018728       0xf0 ../third_party/psyq/lib\libcd.a(bios_3.o)
                0x0000000080018728                CD_getsector2
 .text          0x0000000080018818       0x10 ../third_party/psyq/lib\libapi.a(a07.o)
                0x0000000080018818                DeliverEvent
 .text          0x0000000080018828       0x10 ../third_party/psyq/lib\libapi.a(a22.o)
                0x0000000080018828                PAD_dr
 .text          0x0000000080018838       0x10 ../third_party/psyq/lib\libapi.a(a23.o)
                0x0000000080018838                ReturnFromException
 .text          0x0000000080018848       0x10 ../third_party/psyq/lib\libapi.a(a24.o)
                0x0000000080018848                ResetEntryInt
 .text          0x0000000080018858       0x10 ../third_party/psyq/lib\libapi.a(a25.o)
                0x0000000080018858                HookEntryInt
 .text          0x0000000080018868       0x10 ../third_party/psyq/lib\libapi.a(a36.o)
                0x0000000080018868                EnterCriticalSection
 .text          0x0000000080018878       0x10 ../third_party/psyq/lib\libapi.a(a37.o)
                0x0000000080018878                ExitCriticalSection
 .text          0x0000000080018888       0x10 ../third_party/psyq/lib\libapi.a(a91.o)
                0x0000000080018888                ChangeClearPAD
 .text          0x0000000080018898       0x20 ../third_party/psyq/lib\libapi.a(c114.o)
                0x00000000800188a0                _96_remove
 .text          0x00000000800188b8       0x10 ../third_party/psyq/lib\libapi.a(c68.o)
                0x00000000800188b8                FlushCache
 .text          0x00000000800188c8       0x10 ../third_party/psyq/lib\libapi.a(c73.o)
                0x00000000800188c8                GPU_cw
 .text          0x00000000800188d8       0x10 ../third_party/psyq/lib\libapi.a(l10.o)
                0x00000000800188d8                ChangeClearRCnt
 .text          0x00000000800188e8      0x290 ../third_party/psyq/lib\libapi.a(pad.o)
                0x00000000800188e8                SetInitPadFlag
                0x00000000800188f4                ReadInitPadFlag
                0x0000000080018904                PAD_init
                0x0000000080018994                InitPAD
                0x0000000080018a24                StartPAD
 .text          0x0000000080018b78       0xa0 ../third_party/psyq/lib\libapi.a(patch.o)
                0x0000000080018b78                EnablePAD
                0x0000000080018b8c                DisablePAD
                0x0000000080018ba0                _patch_pad
 .text          0x0000000080018c18       0x10 ../third_party/psyq/lib\libapi.a(a18.o)
                0x0000000080018c18                InitPAD2
 .text          0x0000000080018c28       0x10 ../third_party/psyq/lib\libapi.a(a19.o)
                0x0000000080018c28                StartPAD2
 .text          0x0000000080018c38       0x10 ../third_party/psyq/lib\libapi.a(a21.o)
                0x0000000080018c38                PAD_init2
 .text          0x0000000080018c48       0x70 ../third_party/psyq/lib\libapi.a(chclrpad.o)
                0x0000000080018c48                _remove_ChgclrPAD
 .text          0x0000000080018cb8       0x10 ../third_party/psyq/lib\libapi.a(l02.o)
                0x0000000080018cb8                SysEnqIntRP
 .text          0x0000000080018cc8       0x10 ../third_party/psyq/lib\libapi.a(l03.o)
                0x0000000080018cc8                SysDeqIntRP
 .text          0x0000000080018cd8       0x20 ../third_party/psyq/lib\libc.a(a63.o)
                0x0000000080018ce0                puts
 .text          0x0000000080018cf8       0x10 ../third_party/psyq/lib\libc.a(c19.o)
                0x0000000080018cf8                setjmp
 .text          0x0000000080018d08       0x10 ../third_party/psyq/lib\libc.a(c21.o)
                0x0000000080018d08                strcat
 .text          0x0000000080018d18       0x10 ../third_party/psyq/lib\libc.a(c23.o)
                0x0000000080018d18                strcmp
 .text          0x0000000080018d28       0x10 ../third_party/psyq/lib\libc.a(c24.o)
                0x0000000080018d28                strncmp
 .text          0x0000000080018d38       0x10 ../third_party/psyq/lib\libc.a(c25.o)
                0x0000000080018d38                strcpy
 .text          0x0000000080018d48       0x10 ../third_party/psyq/lib\libc.a(c42.o)
                0x0000000080018d48                memcpy
 .text          0x0000000080018d58       0x30 ../third_party/psyq/lib\libetc.a(vmode.o)
                0x0000000080018d58                SetVideoMode
                0x0000000080018d6c                GetVideoMode
                0x0000000080018d90                . = ALIGN (0x10)
 *fill*         0x0000000080018d88        0x8 
 *(.init)
                0x0000000080018d90                . = ALIGN (0x10)
 *(.fini)
                0x0000000080018d90                . = ALIGN (0x10)
                0x0000000080018d90                __text_end = .
                0x0000000080018d90                __ftext_end = ABSOLUTE (.)
                0x0000000080018d90                __fdata_start = ABSOLUTE (.)

.rodata         0x0000000080018d90      0x810
 *(.rodata .rodata.* .rdata .rdata.* .gnu.linkonce.r.*)
 .rodata.str1.4
                0x0000000080018d90       0x1a main.o
 *fill*         0x0000000080018daa        0x2 
 .rodata.str1.4
                0x0000000080018dac       0x3c utils.o
 .rodata        0x0000000080018de8       0x10 ../third_party/common/crt0/crt0.o
 .rdata         0x0000000080018df8       0x10 ../third_party/psyq/lib\libetc.a(vsync.o)
 .rdata         0x0000000080018e08       0x70 ../third_party/psyq/lib\libetc.a(intr.o)
 .rdata         0x0000000080018e78       0x30 ../third_party/psyq/lib\libetc.a(intr_dma.o)
 .rdata         0x0000000080018ea8      0x220 ../third_party/psyq/lib\libgpu.a(sys.o)
 .rdata         0x00000000800190c8       0x50 ../third_party/psyq/lib\libcd.a(cdr_1.o)
 .rdata         0x0000000080019118       0x10 ../third_party/psyq/lib\libcd.a(cre_1.o)
 .rdata         0x0000000080019128       0x20 ../third_party/psyq/lib\libcd.a(event.o)
 .rdata         0x0000000080019148      0x1f0 ../third_party/psyq/lib\libcd.a(iso9660.o)
 .rdata         0x0000000080019338      0x260 ../third_party/psyq/lib\libcd.a(bios_1.o)
                0x00000000800195a0                . = ALIGN (0x10)
 *fill*         0x0000000080019598        0x8 
                0x00000000800195a0                __preinit_array_start = .
 *(.preinit_array)
                0x00000000800195a0                __preinit_array_end = .
                0x00000000800195a0                . = ALIGN (0x10)
                0x00000000800195a0                __init_array_start = .
 *(SORT_BY_NAME(.init_array.*))
 *(.init_array)
                0x00000000800195a0                . = ALIGN (0x10)
 *crtbegin.o(.ctors)
 *(EXCLUDE_FILE(*crtend.o) .ctors)
 *(SORT_BY_NAME(.ctors.*))
 *crtend.o(.ctors)
                0x00000000800195a0                __init_array_end = .
                0x00000000800195a0                . = ALIGN (0x10)
                0x00000000800195a0                __fini_array_start = .
 *(.fini_array)
 *(SORT_BY_NAME(.fini_array.*))
 *crtbegin.o(.dtors)
 *(EXCLUDE_FILE(*crtend.o) .dtors)
 *(SORT_BY_NAME(.dtors.*))
 *crtend.o(.dtors)
                0x00000000800195a0                __fini_array_end = .
                0x00000000800195a0                __build_id = .
 *(.note.gnu.build-id)
                0x00000000800195a0                __build_id_end = .

.rel.dyn        0x00000000800195a0        0x0
 .rel.dyn       0x00000000800195a0        0x0 ../third_party/psyq/lib\libgpu.a(sys.o)

.rodata1
 *(.rodata1)
                0x00000000800195a0                __data_start = .

.data           0x00000000800195a0     0x5a60
 *(.a0table)
 *(.data .data.* .gnu.linkonce.d.*)
 .data          0x00000000800195a0       0xa8 main.o
                0x00000000800195a0                cubeScale
                0x00000000800195b0                cubeTranslation
                0x00000000800195c0                faces
                0x0000000080019608                vertices
 .data          0x0000000080019648       0x10 ../third_party/psyq/lib\libapi.a(i_heap3.o)
                0x0000000080019648                _freep
 .data          0x0000000080019658       0x20 ../third_party/psyq/lib\libetc.a(vsync.o)
                0x0000000080019668                Hcount
 .data          0x0000000080019678     0x1100 ../third_party/psyq/lib\libetc.a(intr.o)
 .data          0x000000008001a778       0x30 ../third_party/psyq/lib\libetc.a(intr_dma.o)
 .data          0x000000008001a7a8       0x30 ../third_party/psyq/lib\libetc.a(intr_vb.o)
                0x000000008001a7c8                Vcount
 .data          0x000000008001a7d8      0x1a0 ../third_party/psyq/lib\libgpu.a(sys.o)
                0x000000008001a824                GPU_printf
                0x000000008001a828                GEnv
                0x000000008001a950                _qin
                0x000000008001a954                _qout
 .data          0x000000008001a978       0x10 ../third_party/psyq/lib\libgte.a(msc00.o)
 .data          0x000000008001a988      0x1a0 ../third_party/psyq/lib\libgte.a(msc02.o)
 .data          0x000000008001ab28     0x4000 ../third_party/psyq/lib\libgte.a(cstbl.o)
                0x000000008001ab28                rcossin_tbl
 .data          0x000000008001eb28       0x40 ../third_party/psyq/lib\libcd.a(cdr_1.o)
 .data          0x000000008001eb68       0x10 ../third_party/psyq/lib\libcd.a(event.o)
                0x000000008001eb68                CD_cbread
                0x000000008001eb6c                CD_read_dma_mode
 .data          0x000000008001eb78       0x10 ../third_party/psyq/lib\libcd.a(iso9660.o)
 .data          0x000000008001eb88       0x80 ../third_party/psyq/lib\libcd.a(s_016.o)
 .data          0x000000008001ec08      0x310 ../third_party/psyq/lib\libcd.a(bios_1.o)
                0x000000008001ec10                CD_cbsync
                0x000000008001ec14                CD_cbready
                0x000000008001ec18                CD_debug
                0x000000008001ec1c                CD_status
                0x000000008001ec20                CD_status1
                0x000000008001ec24                CD_nopen
                0x000000008001ec28                CD_pos
                0x000000008001ec2c                CD_mode
                0x000000008001ec2d                CD_com
                0x000000008001ec30                DS_active
                0x000000008001ec34                CD_comstr
                0x000000008001ecb4                CD_intstr
 .data          0x000000008001ef18       0x20 ../third_party/psyq/lib\libcd.a(bios_2.o)
 .data          0x000000008001ef38       0x20 ../third_party/psyq/lib\libcd.a(bios_3.o)
 .data          0x000000008001ef58       0x10 ../third_party/psyq/lib\libapi.a(pad.o)
 .data          0x000000008001ef68       0x10 ../third_party/psyq/lib\libetc.a(vmode.o)
 *(.data1)
 *(.sdata .sdata.* .gnu.linkonce.s.*)
 *(.sdata2 .sdata2.* .gnu.linkonce.s2.*)
 *(.got.plt)
 *(.got)
                0x000000008001f000                . = ALIGN (0x800)
 *fill*         0x000000008001ef78       0x88 
                0x000000008001f000                __data_end = .
                0x000000008001f000                __fdata_end = .
                0x000000008001f000                __bss_start = .

.sbss           0x000000008001f000    0x53e78
 *(.dynsbss)
 *(.sbss .sbss.* .gnu.linkonce.sb.*)
 .sbss          0x000000008001f000        0x8 main.o
                0x000000008001f000                cubeRotation
 .sbss          0x000000008001f008        0x4 joypad.o
 .sbss          0x000000008001f00c        0x4 global.o
 .sbss          0x000000008001f010        0x2 display.o
 *(.scommon)
 *(.dynbss)
 *(.bss .bss.* .gnu.linkonce.b.*)
 *fill*         0x000000008001f012        0x2 
 .bss           0x000000008001f014       0x80 main.o
                0x000000008001f014                viewMatrix
                0x000000008001f034                worldMatrix
                0x000000008001f054                camera
 .bss           0x000000008001f094    0x50000 global.o
 .bss           0x000000008006f094       0xe0 display.o
 *fill*         0x000000008006f174        0x4 
 .bss           0x000000008006f178       0x14 ../third_party/psyq/lib\libetc.a(pad.o)
                0x000000008006f188                PadIdentifier
 *fill*         0x000000008006f18c        0x4 
 .bss           0x000000008006f190     0x1850 ../third_party/psyq/lib\libgpu.a(sys.o)
                0x000000008006f1e0                _que
 .bss           0x00000000800709e0       0x10 ../third_party/psyq/lib\libgte.a(patchgte.o)
 .bss           0x00000000800709f0       0x20 ../third_party/psyq/lib\libcd.a(cre_1.o)
 .bss           0x0000000080070a10     0x2400 ../third_party/psyq/lib\libcd.a(iso9660.o)
 .bss           0x0000000080072e10       0x34 ../third_party/psyq/lib\libcd.a(bios_1.o)
                0x0000000080072e40                StMode
 *fill*         0x0000000080072e44        0x4 
 .bss           0x0000000080072e48       0x10 ../third_party/psyq/lib\libapi.a(pad.o)
                0x0000000080072e48                _apiPadPatch
 .bss           0x0000000080072e58       0x10 ../third_party/psyq/lib\libapi.a(patch.o)
 .bss           0x0000000080072e68       0x10 ../third_party/psyq/lib\libapi.a(chclrpad.o)
 *(COMMON)
                0x0000000080072e78                . = ALIGN (0x4)
                0x0000000080072e78                __bss_end = .
                0x0000000080072e78                __heap_start = __heap_base
                0x000000008000f800                . = (ADDR (.text) - 0x800)
                0x000000008000f800                __end = .

/DISCARD/
 *(.MIPS.abiflags)

/DISCARD/
 *(.rel.iplt)
 *(.rela.iplt)
 *(.rel.plt)
 *(.rela.plt)
 *(.plt)
 *(.iplt)

/DISCARD/
 *(.note.GNU-stack)
 *(.gnu_debuglink)
 *(.gnu.lto_*)

.scratchpad
 *(.scratchpad)
OUTPUT(hellocd.elf elf32-littlemips)

.reginfo        0x0000000000000000       0x18
 .reginfo       0x0000000000000000       0x18 main.o

.mdebug.abi32   0x0000000000000000        0x0
 .mdebug.abi32  0x0000000000000000        0x0 main.o
 .mdebug.abi32  0x0000000000000000        0x0 joypad.o
 .mdebug.abi32  0x0000000000000000        0x0 global.o
 .mdebug.abi32  0x0000000000000000        0x0 display.o
 .mdebug.abi32  0x0000000000000000        0x0 camera.o
 .mdebug.abi32  0x0000000000000000        0x0 utils.o

.comment        0x0000000000000000       0x12
 .comment       0x0000000000000000       0x12 main.o
                                         0x13 (size before relaxing)
 .comment       0x0000000000000012       0x13 joypad.o
 .comment       0x0000000000000012       0x13 global.o
 .comment       0x0000000000000012       0x13 display.o
 .comment       0x0000000000000012       0x13 camera.o
 .comment       0x0000000000000012       0x13 utils.o

.gnu.attributes
                0x0000000000000000       0x10
 .gnu.attributes
                0x0000000000000000       0x10 main.o
 .gnu.attributes
                0x0000000000000010       0x10 joypad.o
 .gnu.attributes
                0x0000000000000020       0x10 global.o
 .gnu.attributes
                0x0000000000000030       0x10 display.o
 .gnu.attributes
                0x0000000000000040       0x10 camera.o
 .gnu.attributes
                0x0000000000000050       0x10 utils.o
 .gnu.attributes
                0x0000000000000060       0x10 ../third_party/common/crt0/crt0.o

.pdr            0x0000000000000000        0x0
 .pdr           0x0000000000000000        0x0 ../third_party/common/crt0/crt0.o

.note           0x0000000000000000     0x22e4
 .note          0x0000000000000000       0x74 ../third_party/psyq/lib\libapi.a(i_heap3.o)
 .note          0x0000000000000074       0x74 ../third_party/psyq/lib\libapi.a(malloc3.o)
 .note          0x00000000000000e8       0x74 ../third_party/psyq/lib\libc.a(c43.o)
 .note          0x000000000000015c       0x74 ../third_party/psyq/lib\libc.a(c52.o)
 .note          0x00000000000001d0       0x74 ../third_party/psyq/lib\libc.a(c63.o)
 .note          0x0000000000000244       0x74 ../third_party/psyq/lib\libetc.a(pad.o)
 .note          0x00000000000002b8       0x74 ../third_party/psyq/lib\libetc.a(vsync.o)
 .note          0x000000000000032c       0x74 ../third_party/psyq/lib\libetc.a(intr.o)
 .note          0x00000000000003a0       0x74 ../third_party/psyq/lib\libetc.a(intr_dma.o)
 .note          0x0000000000000414       0x74 ../third_party/psyq/lib\libetc.a(intr_vb.o)
 .note          0x0000000000000488       0x74 ../third_party/psyq/lib\libgpu.a(e03.o)
 .note          0x00000000000004fc       0x74 ../third_party/psyq/lib\libgpu.a(e04.o)
 .note          0x0000000000000570       0x74 ../third_party/psyq/lib\libgpu.a(sys.o)
 .note          0x00000000000005e4       0x74 ../third_party/psyq/lib\libgte.a(cmb_06.o)
 .note          0x0000000000000658       0x74 ../third_party/psyq/lib\libgte.a(fgo_01.o)
 .note          0x00000000000006cc       0x74 ../third_party/psyq/lib\libgte.a(msc00.o)
 .note          0x0000000000000740       0x74 ../third_party/psyq/lib\libgte.a(msc02.o)
 .note          0x00000000000007b4       0x74 ../third_party/psyq/lib\libgte.a(mtx_004.o)
 .note          0x0000000000000828       0x74 ../third_party/psyq/lib\libgte.a(mtx_00c.o)
 .note          0x000000000000089c       0x74 ../third_party/psyq/lib\libgte.a(mtx_07.o)
 .note          0x0000000000000910       0x74 ../third_party/psyq/lib\libgte.a(mtx_08.o)
 .note          0x0000000000000984       0x74 ../third_party/psyq/lib\libgte.a(mtx_09.o)
 .note          0x00000000000009f8       0x74 ../third_party/psyq/lib\libgte.a(mtx_12.o)
 .note          0x0000000000000a6c       0x74 ../third_party/psyq/lib\libgte.a(patchgte.o)
 .note          0x0000000000000ae0       0x74 ../third_party/psyq/lib\libgte.a(reg12.o)
 .note          0x0000000000000b54       0x74 ../third_party/psyq/lib\libgte.a(reg13.o)
 .note          0x0000000000000bc8       0x74 ../third_party/psyq/lib\libgte.a(smp_00_9.o)
 .note          0x0000000000000c3c       0x74 ../third_party/psyq/lib\libgte.a(cstbl.o)
 .note          0x0000000000000cb0       0x74 ../third_party/psyq/lib\libcd.a(cdr_1.o)
 .note          0x0000000000000d24       0x74 ../third_party/psyq/lib\libcd.a(cre_1.o)
 .note          0x0000000000000d98       0x74 ../third_party/psyq/lib\libcd.a(event.o)
 .note          0x0000000000000e0c       0x74 ../third_party/psyq/lib\libcd.a(iso9660.o)
 .note          0x0000000000000e80       0x74 ../third_party/psyq/lib\libcd.a(s_002.o)
 .note          0x0000000000000ef4       0x74 ../third_party/psyq/lib\libcd.a(s_003.o)
 .note          0x0000000000000f68       0x74 ../third_party/psyq/lib\libcd.a(s_004.o)
 .note          0x0000000000000fdc       0x74 ../third_party/psyq/lib\libcd.a(s_006.o)
 .note          0x0000000000001050       0x74 ../third_party/psyq/lib\libcd.a(s_008.o)
 .note          0x00000000000010c4       0x74 ../third_party/psyq/lib\libcd.a(s_013.o)
 .note          0x0000000000001138       0x74 ../third_party/psyq/lib\libcd.a(s_014.o)
 .note          0x00000000000011ac       0x74 ../third_party/psyq/lib\libcd.a(s_015.o)
 .note          0x0000000000001220       0x74 ../third_party/psyq/lib\libcd.a(s_016.o)
 .note          0x0000000000001294       0x74 ../third_party/psyq/lib\libcd.a(s_021.o)
 .note          0x0000000000001308       0x74 ../third_party/psyq/lib\libcd.a(s_022.o)
 .note          0x000000000000137c       0x74 ../third_party/psyq/lib\libcd.a(s_023.o)
 .note          0x00000000000013f0       0x74 ../third_party/psyq/lib\libcd.a(s_024.o)
 .note          0x0000000000001464       0x74 ../third_party/psyq/lib\libcd.a(sys.o)
 .note          0x00000000000014d8       0x74 ../third_party/psyq/lib\libcd.a(bios_1.o)
 .note          0x000000000000154c       0x74 ../third_party/psyq/lib\libcd.a(bios_2.o)
 .note          0x00000000000015c0       0x74 ../third_party/psyq/lib\libcd.a(bios_3.o)
 .note          0x0000000000001634       0x74 ../third_party/psyq/lib\libapi.a(a07.o)
 .note          0x00000000000016a8       0x74 ../third_party/psyq/lib\libapi.a(a22.o)
 .note          0x000000000000171c       0x74 ../third_party/psyq/lib\libapi.a(a23.o)
 .note          0x0000000000001790       0x74 ../third_party/psyq/lib\libapi.a(a24.o)
 .note          0x0000000000001804       0x74 ../third_party/psyq/lib\libapi.a(a25.o)
 .note          0x0000000000001878       0x74 ../third_party/psyq/lib\libapi.a(a36.o)
 .note          0x00000000000018ec       0x74 ../third_party/psyq/lib\libapi.a(a37.o)
 .note          0x0000000000001960       0x74 ../third_party/psyq/lib\libapi.a(a91.o)
 .note          0x00000000000019d4       0x74 ../third_party/psyq/lib\libapi.a(c114.o)
 .note          0x0000000000001a48       0x74 ../third_party/psyq/lib\libapi.a(c68.o)
 .note          0x0000000000001abc       0x74 ../third_party/psyq/lib\libapi.a(c73.o)
 .note          0x0000000000001b30       0x74 ../third_party/psyq/lib\libapi.a(l10.o)
 .note          0x0000000000001ba4       0x74 ../third_party/psyq/lib\libapi.a(pad.o)
 .note          0x0000000000001c18       0x74 ../third_party/psyq/lib\libapi.a(patch.o)
 .note          0x0000000000001c8c       0x74 ../third_party/psyq/lib\libapi.a(a18.o)
 .note          0x0000000000001d00       0x74 ../third_party/psyq/lib\libapi.a(a19.o)
 .note          0x0000000000001d74       0x74 ../third_party/psyq/lib\libapi.a(a21.o)
 .note          0x0000000000001de8       0x74 ../third_party/psyq/lib\libapi.a(chclrpad.o)
 .note          0x0000000000001e5c       0x74 ../third_party/psyq/lib\libapi.a(l02.o)
 .note          0x0000000000001ed0       0x74 ../third_party/psyq/lib\libapi.a(l03.o)
 .note          0x0000000000001f44       0x74 ../third_party/psyq/lib\libc.a(a63.o)
 .note          0x0000000000001fb8       0x74 ../third_party/psyq/lib\libc.a(c19.o)
 .note          0x000000000000202c       0x74 ../third_party/psyq/lib\libc.a(c21.o)
 .note          0x00000000000020a0       0x74 ../third_party/psyq/lib\libc.a(c23.o)
 .note          0x0000000000002114       0x74 ../third_party/psyq/lib\libc.a(c24.o)
 .note          0x0000000000002188       0x74 ../third_party/psyq/lib\libc.a(c25.o)
 .note          0x00000000000021fc       0x74 ../third_party/psyq/lib\libc.a(c42.o)
 .note          0x0000000000002270       0x74 ../third_party/psyq/lib\libetc.a(vmode.o)

.debug_info     0x0000000000000000     0x18dc
 .debug_info    0x0000000000000000      0x9b3 main.o
 .debug_info    0x00000000000009b3      0x126 joypad.o
 .debug_info    0x0000000000000ad9      0x239 global.o
 .debug_info    0x0000000000000d12      0x5bd display.o
 .debug_info    0x00000000000012cf      0x328 camera.o
 .debug_info    0x00000000000015f7      0x2c1 utils.o
 .debug_info    0x00000000000018b8       0x24 ../third_party/common/crt0/crt0.o

.debug_abbrev   0x0000000000000000      0x9dd
 .debug_abbrev  0x0000000000000000      0x2ed main.o
 .debug_abbrev  0x00000000000002ed      0x116 joypad.o
 .debug_abbrev  0x0000000000000403      0x164 global.o
 .debug_abbrev  0x0000000000000567      0x1cc display.o
 .debug_abbrev  0x0000000000000733      0x147 camera.o
 .debug_abbrev  0x000000000000087a      0x14f utils.o
 .debug_abbrev  0x00000000000009c9       0x14 ../third_party/common/crt0/crt0.o

.debug_loclists
                0x0000000000000000      0x1de
 .debug_loclists
                0x0000000000000000       0x5d main.o
 .debug_loclists
                0x000000000000005d       0x68 global.o
 .debug_loclists
                0x00000000000000c5       0x71 camera.o
 .debug_loclists
                0x0000000000000136       0xa8 utils.o

.debug_aranges  0x0000000000000000      0x150
 .debug_aranges
                0x0000000000000000       0x38 main.o
 .debug_aranges
                0x0000000000000038       0x38 joypad.o
 .debug_aranges
                0x0000000000000070       0x50 global.o
 .debug_aranges
                0x00000000000000c0       0x30 display.o
 .debug_aranges
                0x00000000000000f0       0x20 camera.o
 .debug_aranges
                0x0000000000000110       0x20 utils.o
 .debug_aranges
                0x0000000000000130       0x20 ../third_party/common/crt0/crt0.o

.debug_rnglists
                0x0000000000000000       0xcc
 .debug_rnglists
                0x0000000000000000       0x27 main.o
 .debug_rnglists
                0x0000000000000027       0x25 joypad.o
 .debug_rnglists
                0x000000000000004c       0x37 global.o
 .debug_rnglists
                0x0000000000000083       0x21 display.o
 .debug_rnglists
                0x00000000000000a4       0x14 camera.o
 .debug_rnglists
                0x00000000000000b8       0x14 utils.o

.debug_line     0x0000000000000000      0x8e9
 .debug_line    0x0000000000000000      0x2e1 main.o
 .debug_line    0x00000000000002e1       0xe6 joypad.o
 .debug_line    0x00000000000003c7      0x122 global.o
 .debug_line    0x00000000000004e9      0x172 display.o
 .debug_line    0x000000000000065b      0x141 camera.o
 .debug_line    0x000000000000079c       0xf2 utils.o
 .debug_line    0x000000000000088e       0x5b ../third_party/common/crt0/crt0.o

.debug_str      0x0000000000000000      0x5c9
 .debug_str     0x0000000000000000      0x358 main.o
                                        0x395 (size before relaxing)
 .debug_str     0x0000000000000358       0x26 joypad.o
                                        0x1ab (size before relaxing)
 .debug_str     0x000000000000037e       0x4d global.o
                                        0x1f4 (size before relaxing)
 .debug_str     0x00000000000003cb       0xf7 display.o
                                        0x2b8 (size before relaxing)
 .debug_str     0x00000000000004c2       0x4a camera.o
                                        0x1e4 (size before relaxing)
 .debug_str     0x000000000000050c       0x8f utils.o
                                        0x209 (size before relaxing)
 .debug_str     0x000000000000059b       0x2e ../third_party/common/crt0/crt0.o
                                         0x4c (size before relaxing)

.debug_frame    0x0000000000000000      0x244
 .debug_frame   0x0000000000000000       0x90 main.o
 .debug_frame   0x0000000000000090       0x5c joypad.o
 .debug_frame   0x00000000000000ec       0x80 global.o
 .debug_frame   0x000000000000016c       0x6c display.o
 .debug_frame   0x00000000000001d8       0x34 camera.o
 .debug_frame   0x000000000000020c       0x38 utils.o

.debug_line_str
                0x0000000000000000       0x40
 .debug_line_str
                0x0000000000000000       0x40 ../third_party/common/crt0/crt0.o
                                         0x47 (size before relaxing)
